
> docs-viewer@0.1.0 build
> next build

▲ Next.js 16.1.4 (Turbopack)

  Creating an optimized production build ...
✓ Compiled successfully in 5.4s
  Running TypeScript ...
  Collecting page data using 7 workers ...
  Generating static pages using 7 workers (0/9) ...
  Generating static pages using 7 workers (2/9) 
  Generating static pages using 7 workers (4/9) 
  Generating static pages using 7 workers (6/9) 
✓ Generating static pages using 7 workers (9/9) in 419.3ms
  Finalizing page optimization ...

Route (app)
┌ ○ /
├ ○ /_not-found
├ ƒ /api/content
├ ƒ /api/docs
├ ƒ /api/docs-list
├ ƒ /api/projects
├ ƒ /project/[projectName]
├ ƒ /project/[projectName]/docs-list-old
├ ƒ /project/[projectName]/docs-list/[[...slug]]
├ ƒ /project/[projectName]/docs/[...slug]
└ ○ /viewer


○  (Static)   prerendered as static content
ƒ  (Dynamic)  server-rendered on demand

